10:15:58 **** Incremental Build of configuration Debug for project 00_RTOS_Printf ****
make -j16 all 
arm-none-eabi-gcc "../Core/Src/main.c" -mcpu=cortex-m3 -std=gnu11 -g3 -DDEBUG -DUSE_HAL_DRIVER -DSTM32F103xB -c -I../Core/Inc -I../Drivers/STM32F1xx_HAL_Driver/Inc -I../Drivers/STM32F1xx_HAL_Driver/Inc/Legacy -I../Drivers/CMSIS/Device/ST/STM32F1xx/Include -I../Drivers/CMSIS/Include -O0 -ffunction-sections -fdata-sections -Wall -fstack-usage -fcyclomatic-complexity -MMD -MP -MF"Core/Src/main.d" -MT"Core/Src/main.o" --specs=nano.specs -mfloat-abi=soft -mthumb -o "Core/Src/main.o"
arm-none-eabi-gcc -o "00_RTOS_Printf.elf" @"objects.list"   -mcpu=cortex-m3 -T"D:\CodeSpace\Practice_Project\STM32-Hal-Basic\RTOS\00_RTOS_Printf\STM32F103C8TX_FLASH.ld" --specs=nosys.specs -Wl,-Map="00_RTOS_Printf.map" -Wl,--gc-sections -static --specs=nano.specs -mfloat-abi=soft -mthumb -Wl,--start-group -lc -lm -Wl,--end-group
Finished building target: 00_RTOS_Printf.elf
 
arm-none-eabi-size  00_RTOS_Printf.elf 
arm-none-eabi-objdump -h -S 00_RTOS_Printf.elf  > "00_RTOS_Printf.list"
   text	   data	    bss	    dec	    hex	filename
  10044	     92	   2148	  12284	   2ffc	00_RTOS_Printf.elf
Finished building: default.size.stdout
 
Finished building: 00_RTOS_Printf.list
 

10:15:59 Build Finished. 0 errors, 0 warnings. (took 967ms)

